// Jest Snapshot v1, https://goo.gl/fbAQLP

exports[`Monitoring app should render consistently 1`] = `
<div>
  <div
    class="App"
  >
    <h1>
      datadog CPU load monitoring
    </h1>
    <div
      class="loadChartContainer"
    >
      <div
        class="metrics"
      >
        <dl
          class="events"
        >
          <dt>
            high load alerts
          </dt>
          <dd>
            0
          </dd>
          <dt>
            recoveries
          </dt>
          <dd>
            0
          </dd>
        </dl>
        <dl
          class="loadMetric"
        >
          <dt>
            current CPU load
          </dt>
          <dd>
            0.00
          </dd>
        </dl>
        <button>
          simulate load
        </button>
      </div>
      <div
        class="loadChart"
      >
        <div
          height="100%"
          width="100%"
        />
      </div>
    </div>
    <div
      class="eventTimeline"
    >
      <div
        class="eventTimelineSelector"
      >
        <span>
          event timeline
        </span>
        <span>
          <button
            class="activeSelector"
          >
            1h
          </button>
          <button>
            3h
          </button>
          <button>
            1d
          </button>
        </span>
      </div>
      <div
        height="60"
        width="100%"
      />
    </div>
  </div>
</div>
`;
