// Jest Snapshot v1, https://goo.gl/fbAQLP

exports[`Monitoring app should render consistently 1`] = `
<div>
  <div
    class="App"
  >
    <h1>
      Datadog CPU load monitoring
    </h1>
    <div
      class="loadChartContainer"
    >
      <div
        class="metrics"
      >
        <dl
          class="events"
        >
          <dt>
            Alerts
          </dt>
          <dd>
            0
          </dd>
          <dt>
            Recoveries
          </dt>
          <dd>
            0
          </dd>
        </dl>
        <dl
          class="loadMetric"
        >
          <dt>
            Current load
          </dt>
          <dd>
            0
          </dd>
        </dl>
      </div>
      <div
        class="loadChart"
      >
        <div
          height="100%"
          width="100%"
        />
      </div>
      <div>
        <button>
          Simulate
        </button>
      </div>
    </div>
  </div>
</div>
`;
